>>> ti = __import__('5-text_indentation').text_indentation
>>> ti("Never gonna. Give, you: up? Never .  Gonna let you, , , down...?")
Never gonna.
<BLANKLINE>
Give,
<BLANKLINE>
you:
<BLANKLINE>
up?
<BLANKLINE>
Never .
<BLANKLINE>
Gonna let you,
<BLANKLINE>
,
<BLANKLINE>
,
<BLANKLINE>
down.
<BLANKLINE>
.
<BLANKLINE>
.
<BLANKLINE>
?
<BLANKLINE>
>>> ti("""Lorem ipsum dolor sit amet, consectetur adipiscing elit. \
... Quonam modo? Utrum igitur tibi litteram videor an totas paginas commovere? \
... Non autem hoc: igitur ne illud quidem. Fortasse id optimum, sed ubi illud: \
... Plus semper voluptatis? Teneo, inquit, finem illi videri nihil dolere. \
... Transfer idem ad modestiam vel temperantiam, quae est moderatio cupiditatum \
... rationi oboediens. Si id dicis, vicimus. Inde sermone vario sex illa a Dipylo \
... stadia confecimus. Sin aliud quid voles, postea. Quae animi affectio suum \
... cuique tribuens atque hanc, quam dico. Utinam quidem dicerent alium alio \
... beatiorem! Iam ruinas videres""")
Lorem ipsum dolor sit amet,
<BLANKLINE>
consectetur adipiscing elit.
<BLANKLINE>
Quonam modo?
<BLANKLINE>
Utrum igitur tibi litteram videor an totas paginas commovere?
<BLANKLINE>
Non autem hoc:
<BLANKLINE>
igitur ne illud quidem.
<BLANKLINE>
Fortasse id optimum,
<BLANKLINE>
sed ubi illud:
<BLANKLINE>
Plus semper voluptatis?
<BLANKLINE>
Teneo,
<BLANKLINE>
inquit,
<BLANKLINE>
finem illi videri nihil dolere.
<BLANKLINE>
Transfer idem ad modestiam vel temperantiam,
<BLANKLINE>
quae est moderatio cupiditatum rationi oboediens.
<BLANKLINE>
Si id dicis,
<BLANKLINE>
vicimus.
<BLANKLINE>
Inde sermone vario sex illa a Dipylo stadia confecimus.
<BLANKLINE>
Sin aliud quid voles,
<BLANKLINE>
postea.
<BLANKLINE>
Quae animi affectio suum cuique tribuens atque hanc,
<BLANKLINE>
quam dico.
<BLANKLINE>
Utinam quidem dicerent alium alio beatiorem! Iam ruinas videres
>>> ti(5.5)
Traceback (most recent call last):
...
TypeError: text must be a string
>>> ti()
Traceback (most recent call last):
...
TypeError: text_indentation() missing 1 required positional argument: 'text'
